python.exe benchmark.py

Cases: 9 | Depths: 3, 4 | Repeat: 3

[opening] initial-position
  notes: High-branching opening baseline.
  depth 3: 11542.6 ms | 17,865 evals | 1.55 evals/ms | top 3: d3d5:-0.32, h3h5:-0.32, c2c4:-0.32
  depth 4: 42367.9 ms | 51,686 evals | 1.22 evals/ms | top 3: d3d5:-0.00, h3h5:-0.00, c2c4:-0.00

[opening] opening-4-ply
  notes: Early opening after both sides expand pawns.
  depth 3: 32990.2 ms | 61,753 evals | 1.87 evals/ms | top 3: d5c5:-0.72, h5i5:-0.72, e4e5:-0.40
  depth 4: 79675.6 ms | 158,995 evals | 2.00 evals/ms | top 3: d5c5:-0.64, h5i5:-0.64, e4e5:-0.40

[opening] opening-8-ply
  notes: Early tactical opening structure from Sandbox play.
  depth 3: 28922.9 ms | 49,977 evals | 1.73 evals/ms | top 3: b5d9:0.32, i2i4:0.40, k1k3:0.40
  depth 4: 115167.2 ms | 214,379 evals | 1.86 evals/ms | top 3: e4e6:0.40, i2i4:0.40, k1k3:0.40

[middlegame] midgame-12-ply
  notes: Real self-play middlegame with active pieces and captures.
  depth 3: 2146.3 ms | 3,335 evals | 1.55 evals/ms | top 3: b1c2:50.64, a4c2:50.64, c1c2:50.64
  depth 4: 4445.8 ms | 6,494 evals | 1.46 evals/ms | top 3: b1c2:50.64, a4c2:50.64, c1c2:50.64

[middlegame] midgame-24-ply
  notes: Wider middlegame with more forcing lines.
  depth 3: 26320.6 ms | 50,955 evals | 1.94 evals/ms | top 3: d3h9:61.20, e6d4:61.20, e6c2:61.20
  depth 4: 60834.7 ms | 152,966 evals | 2.51 evals/ms | top 3: i1f4:61.28, h1i3:61.28, i2i3:61.44

[middlegame] midgame-34-ply
  notes: Deep self-play middlegame used during illegal-move debugging.
  depth 3: 15100.6 ms | 36,327 evals | 2.41 evals/ms | top 3: i2i4:90.40, h1e2:90.40, d1g2:90.72
  depth 4: 43191.6 ms | 105,943 evals | 2.45 evals/ms | top 3: h1f4:80.80, i2i4:90.48, i1h2:90.72

[defense] in-check-defense
  notes: Side to move is in check and must find a narrow defensive reply set.
  depth 3: 127.7 ms | 134 evals | 1.05 evals/ms | top 3: f1f2:90.00, f1g1:90.00, f1e1:90.00
  depth 4: 195.5 ms | 539 evals | 2.76 evals/ms | top 3: f1f2:90.00, f1g1:90.00, f1e1:90.00

[endgame] endgame-light
  notes: Low-material endgame with long-range pieces.
  depth 3: 1703.9 ms | 2,870 evals | 1.68 evals/ms | top 3: e4e5:-40.00, e4e6:-40.00, e4e8:-40.00
  depth 4: 3095.4 ms | 4,653 evals | 1.50 evals/ms | top 3: e4e5:-40.00, e4e6:-40.00, e4e8:-40.00

[regression] pawn-attack-regression
  notes: Regression case for pawn-attack awareness.
  depth 3: 518.2 ms | 2,742 evals | 5.29 evals/ms | top 3: g5g7:-90.00, g5g6:-90.00, g5h5:-90.00
  depth 4: 1850.9 ms | 2,842 evals | 1.54 evals/ms | top 3: g5g7:-90.00, g5g6:-90.00, g5i7:-90.00